[2025-12-28 21:10:18 +0700] [151883] [INFO] Starting gunicorn 23.0.0
[2025-12-28 21:10:18 +0700] [151883] [INFO] Listening at: http://0.0.0.0:5000 (151883)
[2025-12-28 21:10:18 +0700] [151883] [INFO] Using worker: sync
[2025-12-28 21:10:18 +0700] [151884] [INFO] Booting worker with pid: 151884
[2025-12-28 21:10:18 +0700] [151884] [ERROR] Exception in worker process
Traceback (most recent call last):
  File "/root/venv/lib/python3.11/site-packages/gunicorn/arbiter.py", line 608, in spawn_worker
    worker.init_process()
  File "/root/venv/lib/python3.11/site-packages/gunicorn/workers/base.py", line 135, in init_process
    self.load_wsgi()
  File "/root/venv/lib/python3.11/site-packages/gunicorn/workers/base.py", line 147, in load_wsgi
    self.wsgi = self.app.wsgi()
                ^^^^^^^^^^^^^^^
  File "/root/venv/lib/python3.11/site-packages/gunicorn/app/base.py", line 66, in wsgi
    self.callable = self.load()
                    ^^^^^^^^^^^
  File "/root/venv/lib/python3.11/site-packages/gunicorn/app/wsgiapp.py", line 57, in load
    return self.load_wsgiapp()
           ^^^^^^^^^^^^^^^^^^^
  File "/root/venv/lib/python3.11/site-packages/gunicorn/app/wsgiapp.py", line 47, in load_wsgiapp
    return util.import_app(self.app_uri)
           ^^^^^^^^^^^^^^^^^^^^^^^^^^^^^
  File "/root/venv/lib/python3.11/site-packages/gunicorn/util.py", line 370, in import_app
    mod = importlib.import_module(module)
          ^^^^^^^^^^^^^^^^^^^^^^^^^^^^^^^
  File "/usr/lib/python3.11/importlib/__init__.py", line 126, in import_module
    return _bootstrap._gcd_import(name[level:], package, level)
           ^^^^^^^^^^^^^^^^^^^^^^^^^^^^^^^^^^^^^^^^^^^^^^^^^^^^
  File "<frozen importlib._bootstrap>", line 1206, in _gcd_import
  File "<frozen importlib._bootstrap>", line 1178, in _find_and_load
  File "<frozen importlib._bootstrap>", line 1142, in _find_and_load_unlocked
ModuleNotFoundError: No module named 'app'
[2025-12-28 21:10:18 +0700] [151884] [INFO] Worker exiting (pid: 151884)
[2025-12-28 21:10:18 +0700] [151883] [ERROR] Worker (pid:151884) exited with code 3
[2025-12-28 21:10:18 +0700] [151883] [ERROR] Shutting down: Master
[2025-12-28 21:10:18 +0700] [151883] [ERROR] Reason: Worker failed to boot.
